{"timestamp":"2026-09-15T00:27:36.544847Z","level":"info","event":"Filling up the DagBag from /opt/airflow/dags/E_commerece_dag.py","logger":"airflow.dag_processing.dagbag.BundleDagBag","filename":"dagbag.py","lineno":460}
{"timestamp":"2026-09-15T00:27:38.550558Z","level":"info","event":"/opt/airflow/dags/Data","logger":"dag_processor.stdout"}
{"timestamp":"2026-09-15T00:27:38.549008Z","level":"info","event":"Snowflake Connector for Python Version: 4.7.2, Python Version: 3.13.14, Platform: Linux-6.12.76-linuxkit-x86_64-with-glibc2.36","logger":"snowflake.connector.connection","filename":"connection.py","lineno":642}
{"timestamp":"2026-09-15T00:27:38.550047Z","level":"info","event":"Connecting to GLOBAL Snowflake domain","logger":"snowflake.connector.connection","filename":"connection.py","lineno":1765}
{"timestamp":"2026-09-15T00:27:45.643768Z","level":"warning","event":"urllib3 (2.7.0) or chardet (7.5.1)/charset_normalizer (3.4.9) doesn't match a supported version!","category":"UserWarning","filename":"/home/airflow/.local/lib/python3.13/site-packages/snowflake/connector/vendored/requests/__init__.py","lineno":113,"logger":"py.warnings"}
{"timestamp":"2026-09-15T00:28:16.696283Z","level":"info","event":"Filling up the DagBag from /opt/airflow/dags/E_commerece_dag.py","logger":"airflow.dag_processing.dagbag.BundleDagBag","filename":"dagbag.py","lineno":460}
{"timestamp":"2026-09-15T00:28:17.343245Z","level":"info","event":"/opt/airflow/dags/Data","logger":"dag_processor.stdout"}
{"timestamp":"2026-09-15T00:28:17.341630Z","level":"info","event":"Snowflake Connector for Python Version: 4.7.2, Python Version: 3.13.14, Platform: Linux-6.12.76-linuxkit-x86_64-with-glibc2.36","logger":"snowflake.connector.connection","filename":"connection.py","lineno":642}
{"timestamp":"2026-09-15T00:28:17.342596Z","level":"info","event":"Connecting to GLOBAL Snowflake domain","logger":"snowflake.connector.connection","filename":"connection.py","lineno":1765}
{"timestamp":"2026-09-15T00:28:20.921630Z","level":"warning","event":"urllib3 (2.7.0) or chardet (7.5.1)/charset_normalizer (3.4.9) doesn't match a supported version!","category":"UserWarning","filename":"/home/airflow/.local/lib/python3.13/site-packages/snowflake/connector/vendored/requests/__init__.py","lineno":113,"logger":"py.warnings"}
{"timestamp":"2026-09-15T00:28:52.237711Z","level":"info","event":"Filling up the DagBag from /opt/airflow/dags/E_commerece_dag.py","logger":"airflow.dag_processing.dagbag.BundleDagBag","filename":"dagbag.py","lineno":460}
{"timestamp":"2026-09-15T00:28:53.170301Z","level":"info","event":"/opt/airflow/dags/Data","logger":"dag_processor.stdout"}
{"timestamp":"2026-09-15T00:28:53.077213Z","level":"info","event":"Snowflake Connector for Python Version: 4.7.2, Python Version: 3.13.14, Platform: Linux-6.12.76-linuxkit-x86_64-with-glibc2.36","logger":"snowflake.connector.connection","filename":"connection.py","lineno":642}
{"timestamp":"2026-09-15T00:28:53.079599Z","level":"info","event":"Connecting to GLOBAL Snowflake domain","logger":"snowflake.connector.connection","filename":"connection.py","lineno":1765}
{"timestamp":"2026-09-15T00:28:57.254027Z","level":"warning","event":"urllib3 (2.7.0) or chardet (7.5.1)/charset_normalizer (3.4.9) doesn't match a supported version!","category":"UserWarning","filename":"/home/airflow/.local/lib/python3.13/site-packages/snowflake/connector/vendored/requests/__init__.py","lineno":113,"logger":"py.warnings"}
{"timestamp":"2026-09-15T00:29:30.293237Z","level":"info","event":"Filling up the DagBag from /opt/airflow/dags/E_commerece_dag.py","logger":"airflow.dag_processing.dagbag.BundleDagBag","filename":"dagbag.py","lineno":460}
{"timestamp":"2026-09-15T00:29:31.926379Z","level":"info","event":"/opt/airflow/dags/Data","logger":"dag_processor.stdout"}
{"timestamp":"2026-09-15T00:29:31.609961Z","level":"info","event":"Snowflake Connector for Python Version: 4.7.2, Python Version: 3.13.14, Platform: Linux-6.12.76-linuxkit-x86_64-with-glibc2.36","logger":"snowflake.connector.connection","filename":"connection.py","lineno":642}
{"timestamp":"2026-09-15T00:29:31.613536Z","level":"info","event":"Connecting to GLOBAL Snowflake domain","logger":"snowflake.connector.connection","filename":"connection.py","lineno":1765}
{"timestamp":"2026-09-15T00:29:36.231122Z","level":"warning","event":"urllib3 (2.7.0) or chardet (7.5.1)/charset_normalizer (3.4.9) doesn't match a supported version!","category":"UserWarning","filename":"/home/airflow/.local/lib/python3.13/site-packages/snowflake/connector/vendored/requests/__init__.py","lineno":113,"logger":"py.warnings"}
{"timestamp":"2026-09-15T00:30:07.274359Z","level":"info","event":"Filling up the DagBag from /opt/airflow/dags/E_commerece_dag.py","logger":"airflow.dag_processing.dagbag.BundleDagBag","filename":"dagbag.py","lineno":460}
{"timestamp":"2026-09-15T00:30:08.647901Z","level":"info","event":"/opt/airflow/dags/Data","logger":"dag_processor.stdout"}
{"timestamp":"2026-09-15T00:30:08.649544Z","level":"info","event":"Snowflake Connector for Python Version: 4.7.2, Python Version: 3.13.14, Platform: Linux-6.12.76-linuxkit-x86_64-with-glibc2.36","logger":"snowflake.connector.connection","filename":"connection.py","lineno":642}
{"timestamp":"2026-09-15T00:30:08.653470Z","level":"info","event":"Connecting to GLOBAL Snowflake domain","logger":"snowflake.connector.connection","filename":"connection.py","lineno":1765}
{"timestamp":"2026-09-15T00:30:13.377923Z","level":"warning","event":"urllib3 (2.7.0) or chardet (7.5.1)/charset_normalizer (3.4.9) doesn't match a supported version!","category":"UserWarning","filename":"/home/airflow/.local/lib/python3.13/site-packages/snowflake/connector/vendored/requests/__init__.py","lineno":113,"logger":"py.warnings"}
{"timestamp":"2026-09-15T00:30:51.842335Z","level":"info","event":"Filling up the DagBag from /opt/airflow/dags/E_commerece_dag.py","logger":"airflow.dag_processing.dagbag.BundleDagBag","filename":"dagbag.py","lineno":460}
{"timestamp":"2026-09-15T00:30:53.184960Z","level":"info","event":"/opt/airflow/dags/Data","logger":"dag_processor.stdout"}
{"timestamp":"2026-09-15T00:30:53.095626Z","level":"info","event":"Snowflake Connector for Python Version: 4.7.2, Python Version: 3.13.14, Platform: Linux-6.12.76-linuxkit-x86_64-with-glibc2.36","logger":"snowflake.connector.connection","filename":"connection.py","lineno":642}
{"timestamp":"2026-09-15T00:30:53.097176Z","level":"info","event":"Connecting to GLOBAL Snowflake domain","logger":"snowflake.connector.connection","filename":"connection.py","lineno":1765}
{"timestamp":"2026-09-15T00:30:58.844357Z","level":"warning","event":"urllib3 (2.7.0) or chardet (7.5.1)/charset_normalizer (3.4.9) doesn't match a supported version!","category":"UserWarning","filename":"/home/airflow/.local/lib/python3.13/site-packages/snowflake/connector/vendored/requests/__init__.py","lineno":113,"logger":"py.warnings"}
{"timestamp":"2026-09-15T00:33:54.473996Z","level":"info","event":"Filling up the DagBag from /opt/airflow/dags/E_commerece_dag.py","logger":"airflow.dag_processing.dagbag.BundleDagBag","filename":"dagbag.py","lineno":460}
{"timestamp":"2026-09-15T00:33:55.303223Z","level":"info","event":"/opt/airflow/dags/Data","logger":"dag_processor.stdout"}
{"timestamp":"2026-09-15T00:33:55.305636Z","level":"info","event":"Snowflake Connector for Python Version: 4.7.2, Python Version: 3.13.14, Platform: Linux-6.12.76-linuxkit-x86_64-with-glibc2.36","logger":"snowflake.connector.connection","filename":"connection.py","lineno":642}
{"timestamp":"2026-09-15T00:33:55.307728Z","level":"info","event":"Connecting to GLOBAL Snowflake domain","logger":"snowflake.connector.connection","filename":"connection.py","lineno":1765}
{"timestamp":"2026-09-15T00:33:59.745239Z","level":"warning","event":"urllib3 (2.7.0) or chardet (7.5.1)/charset_normalizer (3.4.9) doesn't match a supported version!","category":"UserWarning","filename":"/home/airflow/.local/lib/python3.13/site-packages/snowflake/connector/vendored/requests/__init__.py","lineno":113,"logger":"py.warnings"}
{"timestamp":"2026-09-15T00:34:30.930163Z","level":"info","event":"Filling up the DagBag from /opt/airflow/dags/E_commerece_dag.py","logger":"airflow.dag_processing.dagbag.BundleDagBag","filename":"dagbag.py","lineno":460}
{"timestamp":"2026-09-15T00:34:31.405485Z","level":"info","event":"/opt/airflow/dags/Data","logger":"dag_processor.stdout"}
{"timestamp":"2026-09-15T00:34:31.404602Z","level":"info","event":"Snowflake Connector for Python Version: 4.7.2, Python Version: 3.13.14, Platform: Linux-6.12.76-linuxkit-x86_64-with-glibc2.36","logger":"snowflake.connector.connection","filename":"connection.py","lineno":642}
{"timestamp":"2026-09-15T00:34:31.405454Z","level":"info","event":"Connecting to GLOBAL Snowflake domain","logger":"snowflake.connector.connection","filename":"connection.py","lineno":1765}
{"timestamp":"2026-09-15T00:34:35.227221Z","level":"warning","event":"urllib3 (2.7.0) or chardet (7.5.1)/charset_normalizer (3.4.9) doesn't match a supported version!","category":"UserWarning","filename":"/home/airflow/.local/lib/python3.13/site-packages/snowflake/connector/vendored/requests/__init__.py","lineno":113,"logger":"py.warnings"}
{"timestamp":"2026-09-15T00:35:06.050302Z","level":"info","event":"Filling up the DagBag from /opt/airflow/dags/E_commerece_dag.py","logger":"airflow.dag_processing.dagbag.BundleDagBag","filename":"dagbag.py","lineno":460}
{"timestamp":"2026-09-15T00:35:06.378518Z","level":"info","event":"/opt/airflow/dags/Data","logger":"dag_processor.stdout"}
{"timestamp":"2026-09-15T00:35:06.378768Z","level":"info","event":"Snowflake Connector for Python Version: 4.7.2, Python Version: 3.13.14, Platform: Linux-6.12.76-linuxkit-x86_64-with-glibc2.36","logger":"snowflake.connector.connection","filename":"connection.py","lineno":642}
{"timestamp":"2026-09-15T00:35:06.380144Z","level":"info","event":"Connecting to GLOBAL Snowflake domain","logger":"snowflake.connector.connection","filename":"connection.py","lineno":1765}
{"timestamp":"2026-09-15T00:35:10.367222Z","level":"warning","event":"urllib3 (2.7.0) or chardet (7.5.1)/charset_normalizer (3.4.9) doesn't match a supported version!","category":"UserWarning","filename":"/home/airflow/.local/lib/python3.13/site-packages/snowflake/connector/vendored/requests/__init__.py","lineno":113,"logger":"py.warnings"}
{"timestamp":"2026-09-15T00:35:40.996640Z","level":"info","event":"Filling up the DagBag from /opt/airflow/dags/E_commerece_dag.py","logger":"airflow.dag_processing.dagbag.BundleDagBag","filename":"dagbag.py","lineno":460}
{"timestamp":"2026-09-15T00:35:41.453512Z","level":"info","event":"/opt/airflow/dags/Data","logger":"dag_processor.stdout"}
{"timestamp":"2026-09-15T00:35:41.425409Z","level":"info","event":"Snowflake Connector for Python Version: 4.7.2, Python Version: 3.13.14, Platform: Linux-6.12.76-linuxkit-x86_64-with-glibc2.36","logger":"snowflake.connector.connection","filename":"connection.py","lineno":642}
{"timestamp":"2026-09-15T00:35:41.425971Z","level":"info","event":"Connecting to GLOBAL Snowflake domain","logger":"snowflake.connector.connection","filename":"connection.py","lineno":1765}
{"timestamp":"2026-09-15T00:35:45.617317Z","level":"warning","event":"urllib3 (2.7.0) or chardet (7.5.1)/charset_normalizer (3.4.9) doesn't match a supported version!","category":"UserWarning","filename":"/home/airflow/.local/lib/python3.13/site-packages/snowflake/connector/vendored/requests/__init__.py","lineno":113,"logger":"py.warnings"}
{"timestamp":"2026-09-15T00:36:16.382341Z","level":"info","event":"Filling up the DagBag from /opt/airflow/dags/E_commerece_dag.py","logger":"airflow.dag_processing.dagbag.BundleDagBag","filename":"dagbag.py","lineno":460}
{"timestamp":"2026-09-15T00:36:16.754983Z","level":"info","event":"/opt/airflow/dags/Data","logger":"dag_processor.stdout"}
{"timestamp":"2026-09-15T00:36:16.708258Z","level":"info","event":"Snowflake Connector for Python Version: 4.7.2, Python Version: 3.13.14, Platform: Linux-6.12.76-linuxkit-x86_64-with-glibc2.36","logger":"snowflake.connector.connection","filename":"connection.py","lineno":642}
{"timestamp":"2026-09-15T00:36:16.709177Z","level":"info","event":"Connecting to GLOBAL Snowflake domain","logger":"snowflake.connector.connection","filename":"connection.py","lineno":1765}
{"timestamp":"2026-09-15T00:36:20.893175Z","level":"warning","event":"urllib3 (2.7.0) or chardet (7.5.1)/charset_normalizer (3.4.9) doesn't match a supported version!","category":"UserWarning","filename":"/home/airflow/.local/lib/python3.13/site-packages/snowflake/connector/vendored/requests/__init__.py","lineno":113,"logger":"py.warnings"}
{"timestamp":"2026-09-15T00:36:32.167948Z","level":"info","event":"Filling up the DagBag from /opt/airflow/dags/E_commerece_dag.py","logger":"airflow.dag_processing.dagbag.BundleDagBag","filename":"dagbag.py","lineno":460}
{"timestamp":"2026-09-15T00:36:32.766569Z","level":"info","event":"/opt/airflow/dags/Data","logger":"dag_processor.stdout"}
{"timestamp":"2026-09-15T00:36:32.765554Z","level":"info","event":"Snowflake Connector for Python Version: 4.7.2, Python Version: 3.13.14, Platform: Linux-6.12.76-linuxkit-x86_64-with-glibc2.36","logger":"snowflake.connector.connection","filename":"connection.py","lineno":642}
{"timestamp":"2026-09-15T00:36:32.769120Z","level":"info","event":"Connecting to GLOBAL Snowflake domain","logger":"snowflake.connector.connection","filename":"connection.py","lineno":1765}
{"timestamp":"2026-09-15T00:36:37.496994Z","level":"warning","event":"urllib3 (2.7.0) or chardet (7.5.1)/charset_normalizer (3.4.9) doesn't match a supported version!","category":"UserWarning","filename":"/home/airflow/.local/lib/python3.13/site-packages/snowflake/connector/vendored/requests/__init__.py","lineno":113,"logger":"py.warnings"}
{"timestamp":"2026-09-15T00:36:37.501935Z","level":"warning","event":"Callback requested but no callback found","dag_id":"e_commerece_dag","task_id":"sellers_task_group.sellers_from_csv_to_snowflake","run_id":"scheduled__2026-09-15T00:00:00+00:00","ti_id":"01a0a277-5bae-7bf5-8c04-c86c96574278","logger":"task","filename":"processor.py","lineno":428}
{"timestamp":"2026-09-15T00:36:37.502631Z","level":"warning","event":"Callback requested but no callback found","dag_id":"e_commerece_dag","task_id":"order_items_task_group.order_items_from_csv_to_snowflake","run_id":"scheduled__2026-09-15T00:00:00+00:00","ti_id":"01a0a277-5ba6-7e71-b876-6332cb47158b","logger":"task","filename":"processor.py","lineno":428}
{"timestamp":"2026-09-15T00:36:37.502892Z","level":"warning","event":"Callback requested but no callback found","dag_id":"e_commerece_dag","task_id":"order_reviews_task_group.order_reviews_from_csv_to_snowflake","run_id":"scheduled__2026-09-15T00:00:00+00:00","ti_id":"01a0a277-5baa-7862-906a-4c9bf7ddc59e","logger":"task","filename":"processor.py","lineno":428}
{"timestamp":"2026-09-15T00:36:37.503064Z","level":"warning","event":"Callback requested but no callback found","dag_id":"e_commerece_dag","task_id":"order_payments_task_group.order_payments_from_csv_to_snowflake","run_id":"scheduled__2026-09-15T00:00:00+00:00","ti_id":"01a0a277-5ba8-735a-b23a-a1f0ddb6f715","logger":"task","filename":"processor.py","lineno":428}
{"timestamp":"2026-09-15T00:36:37.504351Z","level":"warning","event":"Callback requested but no callback found","dag_id":"e_commerece_dag","task_id":"geolocation_task_group.geolocation_from_csv_to_snowflake","run_id":"scheduled__2026-09-15T00:00:00+00:00","ti_id":"01a0a277-5ba4-79e2-b37d-cec6773414de","logger":"task","filename":"processor.py","lineno":428}
{"timestamp":"2026-09-15T00:36:37.504735Z","level":"warning","event":"Callback requested but no callback found","dag_id":"e_commerece_dag","task_id":"products_task_group.products_from_csv_to_snowflake","run_id":"scheduled__2026-09-15T00:00:00+00:00","ti_id":"01a0a277-5ba0-7654-8639-d57edabe3bcf","logger":"task","filename":"processor.py","lineno":428}
{"timestamp":"2026-09-15T00:36:37.504953Z","level":"warning","event":"Callback requested but no callback found","dag_id":"e_commerece_dag","task_id":"customers_task_group.customers_from_csv_to_snowflake","run_id":"scheduled__2026-09-15T00:00:00+00:00","ti_id":"01a0a277-5b9e-79e8-b083-d1b6aa03aab4","logger":"task","filename":"processor.py","lineno":428}
{"timestamp":"2026-09-15T00:36:38.000005Z","level":"info","event":"Filling up the DagBag from /opt/airflow/dags/E_commerece_dag.py","logger":"airflow.dag_processing.dagbag.BundleDagBag","filename":"dagbag.py","lineno":460}
{"timestamp":"2026-09-15T00:36:38.416333Z","level":"info","event":"/opt/airflow/dags/Data","logger":"dag_processor.stdout"}
{"timestamp":"2026-09-15T00:36:38.415277Z","level":"info","event":"Snowflake Connector for Python Version: 4.7.2, Python Version: 3.13.14, Platform: Linux-6.12.76-linuxkit-x86_64-with-glibc2.36","logger":"snowflake.connector.connection","filename":"connection.py","lineno":642}
{"timestamp":"2026-09-15T00:36:38.416111Z","level":"info","event":"Connecting to GLOBAL Snowflake domain","logger":"snowflake.connector.connection","filename":"connection.py","lineno":1765}
{"timestamp":"2026-09-15T00:36:41.815184Z","level":"warning","event":"urllib3 (2.7.0) or chardet (7.5.1)/charset_normalizer (3.4.9) doesn't match a supported version!","category":"UserWarning","filename":"/home/airflow/.local/lib/python3.13/site-packages/snowflake/connector/vendored/requests/__init__.py","lineno":113,"logger":"py.warnings"}
{"timestamp":"2026-09-15T00:37:12.235927Z","level":"info","event":"Filling up the DagBag from /opt/airflow/dags/E_commerece_dag.py","logger":"airflow.dag_processing.dagbag.BundleDagBag","filename":"dagbag.py","lineno":460}
{"timestamp":"2026-09-15T00:37:12.753588Z","level":"info","event":"/opt/airflow/dags/Data","logger":"dag_processor.stdout"}
{"timestamp":"2026-09-15T00:37:12.752787Z","level":"info","event":"Snowflake Connector for Python Version: 4.7.2, Python Version: 3.13.14, Platform: Linux-6.12.76-linuxkit-x86_64-with-glibc2.36","logger":"snowflake.connector.connection","filename":"connection.py","lineno":642}
{"timestamp":"2026-09-15T00:37:12.753669Z","level":"info","event":"Connecting to GLOBAL Snowflake domain","logger":"snowflake.connector.connection","filename":"connection.py","lineno":1765}
{"timestamp":"2026-09-15T00:37:17.046094Z","level":"warning","event":"urllib3 (2.7.0) or chardet (7.5.1)/charset_normalizer (3.4.9) doesn't match a supported version!","category":"UserWarning","filename":"/home/airflow/.local/lib/python3.13/site-packages/snowflake/connector/vendored/requests/__init__.py","lineno":113,"logger":"py.warnings"}
{"timestamp":"2026-09-15T00:37:47.806041Z","level":"info","event":"Filling up the DagBag from /opt/airflow/dags/E_commerece_dag.py","logger":"airflow.dag_processing.dagbag.BundleDagBag","filename":"dagbag.py","lineno":460}
{"timestamp":"2026-09-15T00:37:49.251211Z","level":"info","event":"/opt/airflow/dags/Data","logger":"dag_processor.stdout"}
{"timestamp":"2026-09-15T00:37:49.006467Z","level":"info","event":"Snowflake Connector for Python Version: 4.7.2, Python Version: 3.13.14, Platform: Linux-6.12.76-linuxkit-x86_64-with-glibc2.36","logger":"snowflake.connector.connection","filename":"connection.py","lineno":642}
{"timestamp":"2026-09-15T00:37:49.011000Z","level":"info","event":"Connecting to GLOBAL Snowflake domain","logger":"snowflake.connector.connection","filename":"connection.py","lineno":1765}
{"timestamp":"2026-09-15T00:37:53.135149Z","level":"warning","event":"urllib3 (2.7.0) or chardet (7.5.1)/charset_normalizer (3.4.9) doesn't match a supported version!","category":"UserWarning","filename":"/home/airflow/.local/lib/python3.13/site-packages/snowflake/connector/vendored/requests/__init__.py","lineno":113,"logger":"py.warnings"}
